[chilltate.fun/index.html]
[backblue.gif]
[fade.gif]
[index.html]
[use.typekit.net/xmq4ukd.css]
[chilltate.fun/feed/index.html]
[chilltate.fun/wp-content/themes/hello-elementor/style.minb12b.css]
[chilltate.fun/wp-content/themes/hello-elementor/theme.minb12b.css]
[chilltate.fun/comments/feed/index.html]
[chilltate.fun/wp-content/themes/hello-elementor/header-footer.minb12b.css]
[chilltate.fun/wp-content/uploads/elementor/css/custom-frontend.min54e6.css]
[chilltate.fun/wp-content/uploads/elementor/css/post-93f05.css]
[chilltate.fun/wp-content/plugins/elementor/assets/lib/swiper/v8/css/swiper.min94a4.css]
[chilltate.fun/wp-content/plugins/elementor/assets/css/conditionals/e-swiper.min18be.css]
[chilltate.fun/wp-content/plugins/elementor-pro/assets/css/conditionals/popup.min401f.css]
[chilltate.fun/wp-content/plugins/elementor/assets/lib/animations/styles/e-animation-pulse.min18be.css]
[chilltate.fun/wp-content/plugins/elementor/assets/lib/animations/styles/bounceInDown.min18be.css]
[chilltate.fun/wp-content/plugins/elementor/assets/css/widget-heading.min18be.css]
[chilltate.fun/wp-content/plugins/elementor-pro/assets/css/widget-lottie.min401f.css]
[chilltate.fun/wp-content/plugins/elementor/assets/lib/animations/styles/bounceInUp.min18be.css]
[chilltate.fun/wp-content/plugins/elementor/assets/lib/animations/styles/bounceInLeft.min18be.css]
[chilltate.fun/wp-content/plugins/elementor/assets/css/widget-image-carousel.min18be.css]
[chilltate.fun/wp-content/plugins/elementor/assets/css/conditionals/shapes.min18be.css]
[chilltate.fun/wp-content/plugins/elementor/assets/css/widget-text-editor.min18be.css]
[chilltate.fun/wp-content/plugins/elementor/assets/lib/animations/styles/bounceInRight.min18be.css]
[chilltate.fun/wp-content/uploads/elementor/css/post-5680e.css]
[chilltate.fun/wp-includes/js/jquery/jquery.minf43b.js]
[chilltate.fun/indexdb96.html]
[chilltate.fun/wp-includes/js/jquery/jquery-migrate.min5589.js]
[chilltate.fun/wp-json/index.html]
[chilltate.fun/wp-json/wp/v2/pages/5.json]
[chilltate.fun/xmlrpc0db0.php]
[chilltate.fun/wp-json/oembed/1.0/embed1b27.json]
[chilltate.fun/wp-json/oembed/1.0/embed1580]
[chilltate.fun/wp-content/uploads/cropped-chess_6834000-32x32.png]
[chilltate.fun/wp-content/uploads/cropped-chess_6834000-192x192.png]
[chilltate.fun/wp-content/uploads/cropped-chess_6834000-180x180.png]
[chilltate.fun/wp-content/uploads/x-yellow.png]
[chilltate.fun/wp-content/uploads/telegram-yellow.png]
[chilltate.fun/wp-content/uploads/raydium-yellow.png]
[chilltate.fun/wp-content/uploads/dex.png]
[chilltate.fun/wp-content/uploads/logo-dark-brown-back.png]
[chilltate.fun/wp-content/uploads/TATE.png]
[chilltate.fun/wp-content/uploads/1-1.jpg]
[chilltate.fun/wp-content/uploads/2-1.jpg]
[chilltate.fun/wp-content/uploads/3-1.jpg]
[chilltate.fun/wp-content/uploads/4-1.jpg]
[chilltate.fun/wp-content/uploads/5-1.jpg]
[chilltate.fun/wp-content/uploads/6-1.jpg]
[chilltate.fun/wp-content/uploads/7-1.jpg]
[chilltate.fun/wp-content/uploads/8-1.jpg]
[chilltate.fun/wp-content/uploads/9-1.jpg]
[chilltate.fun/wp-content/uploads/10-1.jpg]
[chilltate.fun/wp-content/uploads/11-1.jpg]
[chilltate.fun/wp-content/uploads/12-1.jpg]
[chilltate.fun/wp-content/uploads/hottobuy-1.png]
[chilltate.fun/wp-content/uploads/hottobuy-2.png]
[chilltate.fun/wp-content/uploads/hottobuy-3.png]
[chilltate.fun/wp-content/uploads/hottobuy-4.png]
[chilltate.fun/wp-content/themes/hello-elementor/assets/js/hello-frontend.minb12b.js]
[chilltate.fun/wp-content/plugins/elementor-pro/assets/lib/lottie/lottie.min3f90.js]
[chilltate.fun/wp-content/plugins/elementor-pro/assets/js/webpack-pro.runtime.min401f.js]
[chilltate.fun/wp-content/plugins/elementor/assets/js/webpack.runtime.min18be.js]
[chilltate.fun/wp-content/plugins/elementor/assets/js/frontend-modules.min18be.js]
[chilltate.fun/wp-includes/js/dist/hooks.min4fdd.js]
[chilltate.fun/wp-includes/js/dist/i18n.minc33c.js]
[chilltate.fun/wp-content/plugins/elementor-pro/assets/js/frontend.min401f.js]
[chilltate.fun/wp-includes/js/jquery/ui/core.minb37e.js]
[chilltate.fun/wp-content/plugins/elementor/assets/js/frontend.min18be.js]
[chilltate.fun/index.html]
[chilltate.fun/wp-content/plugins/elementor-pro/assets/js/elements-handlers.min401f.js]
[use.typekit.net/af/88297f/00000000000000007735cbe9/30/le196]
[use.typekit.net/af/88297f/00000000000000007735cbe9/30/de196]
[use.typekit.net/af/88297f/00000000000000007735cbe9/30/ae196]
[use.typekit.net/af/c93b0b/00000000000000007735cbea/30/le196]
[use.typekit.net/af/c93b0b/00000000000000007735cbea/30/de196]
[use.typekit.net/af/c93b0b/00000000000000007735cbea/30/ae196]
[use.typekit.net/af/6ee987/00000000000000007735cbec/30/le196]
[use.typekit.net/af/6ee987/00000000000000007735cbec/30/de196]
[use.typekit.net/af/6ee987/00000000000000007735cbec/30/ae196]
[use.typekit.net/af/b020da/00000000000000007735cb54/30/le196]
[use.typekit.net/af/b020da/00000000000000007735cb54/30/de196]
[use.typekit.net/af/b020da/00000000000000007735cb54/30/ae196]
[use.typekit.net/af/25a0bf/00000000000000007735cb61/30/l652f]
[use.typekit.net/af/25a0bf/00000000000000007735cb61/30/d652f]
[use.typekit.net/af/25a0bf/00000000000000007735cb61/30/a652f]
[use.typekit.net/af/0e613b/0000000000000000774ba05a/30/le196]
[use.typekit.net/af/0e613b/0000000000000000774ba05a/30/de196]
[use.typekit.net/xmq4ukd.css]
[chilltate.fun/wp-content/themes/hello-elementor/style.minb12b.css]
[chilltate.fun/wp-content/themes/hello-elementor/theme.minb12b.css]
[chilltate.fun/wp-content/themes/hello-elementor/header-footer.minb12b.css]
[chilltate.fun/wp-content/uploads/elementor/css/custom-frontend.min54e6.css]
[chilltate.fun/wp-content/uploads/elementor/css/post-93f05.css]
[chilltate.fun/wp-content/plugins/elementor/assets/lib/swiper/v8/css/swiper.min94a4.css]
[chilltate.fun/wp-content/plugins/elementor/assets/css/conditionals/e-swiper.min18be.css]
[chilltate.fun/wp-content/plugins/elementor-pro/assets/css/conditionals/popup.min401f.css]
[chilltate.fun/wp-content/plugins/elementor/assets/lib/animations/styles/e-animation-pulse.min18be.css]
[chilltate.fun/wp-content/plugins/elementor/assets/lib/animations/styles/rubberBand.min18be.css]
[chilltate.fun/wp-content/plugins/elementor/assets/lib/animations/styles/bounceInDown.min18be.css]
[chilltate.fun/wp-content/plugins/elementor/assets/css/widget-heading.min18be.css]
[chilltate.fun/wp-content/plugins/elementor/assets/css/widget-image.min18be.css]
[chilltate.fun/wp-content/plugins/elementor-pro/assets/css/widget-lottie.min401f.css]
[chilltate.fun/wp-content/plugins/elementor/assets/lib/animations/styles/bounceInUp.min18be.css]
[chilltate.fun/wp-content/plugins/elementor/assets/lib/animations/styles/bounceInLeft.min18be.css]
[chilltate.fun/wp-content/plugins/elementor/assets/css/widget-image-carousel.min18be.css]
[chilltate.fun/wp-content/plugins/elementor/assets/css/conditionals/shapes.min18be.css]
[chilltate.fun/wp-content/plugins/elementor/assets/css/widget-text-editor.min18be.css]
[chilltate.fun/wp-content/plugins/elementor/assets/lib/animations/styles/bounceInRight.min18be.css]
[chilltate.fun/wp-content/plugins/elementor/assets/lib/animations/styles/fadeInLeft.min18be.css]
[chilltate.fun/wp-content/plugins/elementor/assets/lib/animations/styles/fadeInUp.min18be.css]
[chilltate.fun/wp-content/plugins/elementor/assets/lib/animations/styles/fadeInRight.min18be.css]
[use.typekit.net/af/0e613b/0000000000000000774ba05a/30/ae196]
[chilltate.fun/wp-content/uploads/dollar-plum.png]
[chilltate.fun/wp-content/uploads/dots.png]
[chilltate.fun/wp-content/uploads/camo.png]
[chilltate.fun/wp-content/uploads/elementor/css/post-5680e.css]
[chilltate.fun/wp-includes/js/jquery/jquery.minf43b.js]
[chilltate.fun/wp-includes/js/jquery/jquery-migrate.min5589.js]
[chilltate.fun/wp-content/themes/hello-elementor/assets/js/hello-frontend.minb12b.js]
[chilltate.fun/GET]
[chilltate.fun/wp-content/plugins/elementor-pro/assets/lib/lottie/lottie.min3f90.js]
[chilltate.fun/wp-content/plugins/elementor-pro/assets/js/webpack-pro.runtime.min401f.js]
[chilltate.fun/wp-content/plugins/elementor/assets/js/webpack.runtime.min18be.js]
[chilltate.fun/wp-content/plugins/elementor/assets/js/frontend-modules.min18be.js]
[chilltate.fun/wp-includes/js/dist/hooks.min4fdd.js]
[chilltate.fun/wp-includes/js/dist/i18n.minc33c.js]
[chilltate.fun/wp-content/plugins/elementor-pro/assets/js/frontend.min401f.js]
[chilltate.fun/wp-includes/js/jquery/ui/core.minb37e.js]
[chilltate.fun/giItT1WQy@!-/index.html]
[chilltate.fun/images/index.html]
[chilltate.fun/-negative.svg]
[chilltate.fun/wp-content/plugins/elementor/assets/js/frontend.min18be.js]
[chilltate.fun/window.location.href]
[chilltate.fun/wp-content/plugins/elementor-pro/assets/js/elements-handlers.min401f.js]
[p.typekit.net/p7aaa.css]
[chilltate.fun/OPR/index.html]
[chilltate.fun/giItT1WQy@!-/index.html]
[chilltate.fun/images/index.html]
[chilltate.fun/GET.html]
[chilltate.fun/-negative.html]
[chilltate.fun/OPR/index.html]
[chilltate.fun/window.location.html]
